<html>
<body>
<pre>
<h1>µVision Build Log</h1>
<h2>Tool Versions:</h2>
IDE-Version: ¦ÌVision V5.40.0.0
Copyright (C) 2024 ARM Ltd and ARM Germany GmbH. All rights reserved.
License Information: 123 12312, 123, LIC=9WSKC-79RA6-QDVKD-8U40S-TV5Y6-7S1QS
 
Tool Versions:
Toolchain:       MDK-ARM Plus  Version: 5.40.0.3
Toolchain Path:  C:\Users\fengzhishang\AppData\Local\Keil_v5\ARM\ARMCC\Bin
C Compiler:      Armcc.exe V5.06 update 6 (build 750)
Assembler:       Armasm.exe V5.06 update 6 (build 750)
Linker/Locator:  ArmLink.exe V5.06 update 6 (build 750)
Library Manager: ArmAr.exe V5.06 update 6 (build 750)
Hex Converter:   FromElf.exe V5.06 update 6 (build 750)
CPU DLL:         SARMCM3.DLL V5.40.0.3
Dialog DLL:      DCM.DLL V1.17.5.0
Target DLL:      CMSIS_AGDI.dll V1.33.18.0
Dialog DLL:      TCM.DLL V1.56.4.0
 
<h2>Project:</h2>
C:\FZSFolder\project\rt-thread\bsp\stm32\stm32f103-100ask-mini\project.uvprojx
Project File Date:  01/27/2025

<h2>Output:</h2>
*** Using Compiler 'V5.06 update 6 (build 750)', folder: 'C:\Users\fengzhishang\AppData\Local\Keil_v5\ARM\ARMCC\Bin'
Rebuild target 'rt-thread'
compiling cwchar.c...
compiling div0.c...
assembling context_rvds.S...
compiling syscall_mem.c...
compiling cctype.c...
compiling ctime.c...
compiling cstdio.c...
compiling cstdlib.c...
compiling showmem.c...
compiling syscalls.c...
compiling atomic_arm.c...
compiling cstring.c...
compiling completion.c...
compiling cpuport.c...
compiling ringblk_buf.c...
compiling pipe.c...
compiling waitqueue.c...
compiling dataqueue.c...
compiling ringbuffer.c...
compiling pin.c...
compiling workqueue.c...
compiling serial.c...
assembling startup_stm32f103x6.s...
compiling clock.c...
compiling components.c...
compiling device.c...
compiling idle.c...
compiling irq.c...
compiling kservice.c...
compiling ipc.c...
compiling object.c...
compiling mem.c...
compiling mempool.c...
compiling scheduler_up.c...
compiling thread.c...
compiling timer.c...
compiling main.c...
compiling board.c...
compiling drv_common.c...
compiling user_key.c...
compiling drv_gpio.c...
compiling stm32f1xx_hal_msp.c...
compiling drv_usart.c...
compiling stm32f1xx_hal_gpio_ex.c...
compiling stm32f1xx_hal_crc.c...
compiling stm32f1xx_hal_usart.c...
compiling stm32f1xx_hal_dma.c...
compiling stm32f1xx_hal_gpio.c...
compiling stm32f1xx_hal_rcc.c...
compiling system_stm32f1xx.c...
compiling stm32f1xx_hal.c...
compiling stm32f1xx_hal_cortex.c...
compiling stm32f1xx_hal_cec.c...
compiling stm32f1xx_hal_pwr.c...
compiling stm32f1xx_hal_rcc_ex.c...
compiling stm32f1xx_hal_uart.c...
linking...
Program Size: Code=25600 RO-data=564 RW-data=612 ZI-data=2732  
FromELF: creating hex file...
After Build - User command #1: fromelf --bin .\Objects\rt-thread.axf --output rtthread.bin
".\Objects\rt-thread.axf" - 0 Error(s), 0 Warning(s).

<h2>Software Packages used:</h2>

Package Vendor: Keil
                https://www.keil.com/pack/Keil.STM32F1xx_DFP.2.4.1.pack
                Keil::STM32F1xx_DFP@2.4.1
                STMicroelectronics STM32F1 Series Device Support, Drivers and Examples

<h2>Collection of Component include folders:</h2>
  C:/Users/fengzhishang/AppData/Local/arm/packs/Keil/STM32F1xx_DFP/2.4.1/Device/Include

<h2>Collection of Component Files used:</h2>
Build Time Elapsed:  00:00:03
</pre>
</body>
</html>
