<html>
<body>
<pre>
<h1>µVision Build Log</h1>
<h2>Tool Versions:</h2>
IDE-Version: ¦ÌVision V5.41.0.0
Copyright (C) 2024 ARM Ltd and ARM Germany GmbH. All rights reserved.
License Information: 123 123, 123, LIC=14HV2-9FVI2-EVM1R-KUY4J-T55IC-JTTJL
 
Tool Versions:
Toolchain:       MDK-ARM Plus  Version: 5.41.0.0
Toolchain Path:  D:\program\Keil_v5\Core\ARM\ARMCLANG\Bin
C Compiler:      ArmClang.exe V6.22
Assembler:       Armasm.exe V6.22
Linker/Locator:  ArmLink.exe V6.22
Library Manager: ArmAr.exe V6.22
Hex Converter:   FromElf.exe V6.22
CPU DLL:         SARMCM3.DLL V5.41.0.0
Dialog DLL:      DCM.DLL V1.17.5.0
Target DLL:      CMSIS_AGDI.dll V1.33.21.0
Dialog DLL:      TCM.DLL V1.56.4.0
 
<h2>Project:</h2>
D:\folder\code\rtthread\bsp\stm32\stm32f103-test\project.uvprojx
Project File Date:  02/23/2025

<h2>Output:</h2>
*** Using Compiler 'V6.22', folder: 'D:\program\Keil_v5\Core\ARM\ARMCLANG\Bin'
Rebuild target 'rt-thread'
compiling syscall_mem.c...
compiling cstdio.c...
compiling div0.c...
compiling cctype.c...
compiling cwchar.c...
compiling syscalls.c...
compiling atomic_arm.c...
compiling cstdlib.c...
compiling cstring.c...
compiling main.c...
compiling ctime.c...
compiling showmem.c...
compiling cpuport.c...
compiling completion.c...
assembling context_rvds.S...
compiling dataqueue.c...
compiling pipe.c...
compiling waitqueue.c...
compiling pin.c...
compiling ringbuffer.c...
compiling ringblk_buf.c...
compiling workqueue.c...
assembling startup_stm32f103x6.s...
compiling serial.c...
compiling stm32f1xx_hal_msp.c...
compiling board.c...
compiling user_key.c...
compiling clock.c...
compiling components.c...
compiling drv_common.c...
compiling device.c...
compiling idle.c...
compiling drv_gpio.c...
compiling irq.c...
compiling drv_usart.c...
compiling mempool.c...
compiling mem.c...
compiling object.c...
compiling scheduler_up.c...
compiling thread.c...
compiling timer.c...
compiling stm32f1xx_hal_gpio_ex.c...
compiling ipc.c...
compiling stm32f1xx_hal_crc.c...
compiling kservice.c...
compiling stm32f1xx_hal_rcc.c...
compiling stm32f1xx_hal_dma.c...
compiling stm32f1xx_hal_usart.c...
compiling stm32f1xx_hal_gpio.c...
compiling system_stm32f1xx.c...
compiling stm32f1xx_hal.c...
compiling stm32f1xx_hal_cec.c...
compiling stm32f1xx_hal_pwr.c...
compiling stm32f1xx_hal_cortex.c...
compiling stm32f1xx_hal_rcc_ex.c...
compiling stm32f1xx_hal_uart.c...
linking...
Program Size: Code=23166 RO-data=694 RW-data=448 ZI-data=2720  
FromELF: creating hex file...
After Build - User command #1: fromelf --bin .\Objects\rt-thread.axf --output rtthread.bin
".\Objects\rt-thread.axf" - 0 Error(s), 0 Warning(s).

<h2>Software Packages used:</h2>

Package Vendor: Keil
                https://www.keil.com/pack/Keil.STM32F1xx_DFP.2.4.1.pack
                Keil::STM32F1xx_DFP@2.4.1
                STMicroelectronics STM32F1 Series Device Support, Drivers and Examples

<h2>Collection of Component include folders:</h2>
  D:/program/Keil_v5/Pack/Keil/STM32F1xx_DFP/2.4.1/Device/Include

<h2>Collection of Component Files used:</h2>
Build Time Elapsed:  00:00:02
</pre>
</body>
</html>
